=== Jieqi Self-Play Tuner ===
Binary: /home/runner/work/zai/zai/pikajieqi-native
Budget: 999999 games
Games per eval: 30
Workers: 2
Movetime: 300ms/move
Threshold: 5.0%
Output: jieqi_best_params.json
Default params: {'Threads': '1', 'Hash': '64', 'MultiPV': '1', 'Move Overhead': '10', 'Slow Mover': '100', 'Skill Level': '20', 'UCI_AnalyseMode': 'false'}

[BOOT] Measuring baseline (30 games)...
[BOOT] baseline wr=0.433 (draws=0/30)

=== Iteration 1 ===
  Threads=2                 wr=0.533 (W16-L14-D0)
  Hash=32                   wr=0.467 (W14-L16-D0)
  Hash=128                  wr=0.500 (W15-L15-D0)
  Hash=256                  wr=0.500 (W15-L15-D0)
  MultiPV=2                 wr=0.567 (W17-L13-D0)
  Move Overhead=5           wr=0.567 (W17-L13-D0)
  MultiPV=3                 wr=0.533 (W16-L14-D0)
  Move Overhead=30          wr=0.533 (W16-L14-D0)
  Move Overhead=100         wr=0.600 (W18-L12-D0)
  Slow Mover=50             wr=0.600 (W18-L12-D0)
  Slow Mover=200            wr=0.533 (W16-L14-D0)
  Skill Level=10            wr=0.600 (W18-L12-D0)
  Skill Level=15            wr=0.367 (W11-L19-D0)
  Skill Level=18            wr=0.333 (W10-L20-D0)
  Skill Level=19            wr=0.467 (W14-L16-D0)
[iter 1] best wr=0.600 (baseline 0.433, Δ=+0.167)
[ADOPT] new baseline: {'Threads': '1', 'Hash': '64', 'MultiPV': '1', 'Move Overhead': '100', 'Slow Mover': '100', 'Skill Level': '20', 'UCI_AnalyseMode': 'false'}

[SAVE] jieqi_best_params.json
[SAVE] jieqi_best_params.json
=== Iteration 2 ===
  Threads=2                 wr=0.533 (W16-L14-D0)
  Hash=32                   wr=0.467 (W14-L16-D0)
  Hash=128                  wr=0.500 (W15-L15-D0)
  Hash=256                  wr=0.500 (W15-L15-D0)
  MultiPV=2                 wr=0.567 (W17-L13-D0)
  Move Overhead=5           wr=0.567 (W17-L13-D0)
  MultiPV=3                 wr=0.533 (W16-L14-D0)
  Move Overhead=30          wr=0.533 (W16-L14-D0)
  Slow Mover=50             wr=0.600 (W18-L12-D0)
  Slow Mover=200            wr=0.600 (W18-L12-D0)
  Skill Level=10            wr=0.533 (W16-L14-D0)
  Skill Level=15            wr=0.600 (W18-L12-D0)
  Skill Level=18            wr=0.367 (W11-L19-D0)
  Skill Level=19            wr=0.333 (W10-L20-D0)
[iter 2] best wr=0.600 (baseline 0.600, Δ=+0.000)
[REJECT] no significant improvement

[SAVE] jieqi_best_params.json
=== Iteration 3 ===
  Threads=2                 wr=0.533 (W16-L14-D0)
  Hash=32                   wr=0.467 (W14-L16-D0)
  Hash=128                  wr=0.500 (W15-L15-D0)
  Hash=256                  wr=0.500 (W15-L15-D0)
  MultiPV=2                 wr=0.567 (W17-L13-D0)
  Move Overhead=5           wr=0.567 (W17-L13-D0)
  MultiPV=3                 wr=0.533 (W16-L14-D0)
  Move Overhead=30          wr=0.533 (W16-L14-D0)
  Slow Mover=50             wr=0.600 (W18-L12-D0)
  Slow Mover=200            wr=0.600 (W18-L12-D0)
  Skill Level=10            wr=0.533 (W16-L14-D0)
  Skill Level=15            wr=0.600 (W18-L12-D0)
  Skill Level=18            wr=0.367 (W11-L19-D0)
  Skill Level=19            wr=0.333 (W10-L20-D0)
[iter 3] best wr=0.600 (baseline 0.600, Δ=+0.000)
[REJECT] no significant improvement

[SAVE] jieqi_best_params.json
=== Iteration 4 ===
  Threads=2                 wr=0.533 (W16-L14-D0)
  Hash=32                   wr=0.467 (W14-L16-D0)
  Hash=128                  wr=0.500 (W15-L15-D0)
  Hash=256                  wr=0.500 (W15-L15-D0)
  MultiPV=2                 wr=0.567 (W17-L13-D0)
  Move Overhead=5           wr=0.567 (W17-L13-D0)
  MultiPV=3                 wr=0.533 (W16-L14-D0)
  Move Overhead=30          wr=0.533 (W16-L14-D0)
  Slow Mover=50             wr=0.600 (W18-L12-D0)
  Slow Mover=200            wr=0.600 (W18-L12-D0)
  Skill Level=10            wr=0.533 (W16-L14-D0)
  Skill Level=15            wr=0.600 (W18-L12-D0)
  Skill Level=18            wr=0.367 (W11-L19-D0)
  Skill Level=19            wr=0.333 (W10-L20-D0)
[iter 4] best wr=0.600 (baseline 0.600, Δ=+0.000)
[REJECT] no significant improvement

[SAVE] jieqi_best_params.json
=== Iteration 5 ===
  Threads=2                 wr=0.533 (W16-L14-D0)
  Hash=32                   wr=0.467 (W14-L16-D0)
  Hash=128                  wr=0.500 (W15-L15-D0)
  Hash=256                  wr=0.500 (W15-L15-D0)
  MultiPV=2                 wr=0.567 (W17-L13-D0)
  Move Overhead=5           wr=0.567 (W17-L13-D0)
  MultiPV=3                 wr=0.533 (W16-L14-D0)
  Move Overhead=30          wr=0.533 (W16-L14-D0)
  Slow Mover=50             wr=0.600 (W18-L12-D0)
  Slow Mover=200            wr=0.600 (W18-L12-D0)
  Skill Level=10            wr=0.533 (W16-L14-D0)
  Skill Level=15            wr=0.600 (W18-L12-D0)
  Skill Level=18            wr=0.367 (W11-L19-D0)
  Skill Level=19            wr=0.333 (W10-L20-D0)
[iter 5] best wr=0.600 (baseline 0.600, Δ=+0.000)
[REJECT] no significant improvement

[SAVE] jieqi_best_params.json
=== Iteration 6 ===
  Threads=2                 wr=0.533 (W16-L14-D0)
  Hash=32                   wr=0.467 (W14-L16-D0)
  Hash=128                  wr=0.500 (W15-L15-D0)
  Hash=256                  wr=0.500 (W15-L15-D0)
  MultiPV=2                 wr=0.567 (W17-L13-D0)
  Move Overhead=5           wr=0.567 (W17-L13-D0)
  MultiPV=3                 wr=0.533 (W16-L14-D0)
  Move Overhead=30          wr=0.533 (W16-L14-D0)
  Slow Mover=50             wr=0.600 (W18-L12-D0)
  Slow Mover=200            wr=0.600 (W18-L12-D0)
  Skill Level=10            wr=0.533 (W16-L14-D0)
  Skill Level=15            wr=0.600 (W18-L12-D0)
  Skill Level=18            wr=0.367 (W11-L19-D0)
  Skill Level=19            wr=0.333 (W10-L20-D0)
[iter 6] best wr=0.600 (baseline 0.600, Δ=+0.000)
[REJECT] no significant improvement

[SAVE] jieqi_best_params.json
=== Iteration 7 ===
  Threads=2                 wr=0.533 (W16-L14-D0)
  Hash=32                   wr=0.467 (W14-L16-D0)
  Hash=128                  wr=0.500 (W15-L15-D0)
  Hash=256                  wr=0.500 (W15-L15-D0)
  MultiPV=2                 wr=0.567 (W17-L13-D0)
  Move Overhead=5           wr=0.567 (W17-L13-D0)
  MultiPV=3                 wr=0.533 (W16-L14-D0)
  Move Overhead=30          wr=0.533 (W16-L14-D0)
  Slow Mover=50             wr=0.600 (W18-L12-D0)
  Slow Mover=200            wr=0.600 (W18-L12-D0)
  Skill Level=10            wr=0.533 (W16-L14-D0)
  Skill Level=15            wr=0.600 (W18-L12-D0)
  Skill Level=18            wr=0.367 (W11-L19-D0)
  Skill Level=19            wr=0.333 (W10-L20-D0)
[iter 7] best wr=0.600 (baseline 0.600, Δ=+0.000)
[REJECT] no significant improvement

[SAVE] jieqi_best_params.json
=== Iteration 8 ===
  Threads=2                 wr=0.533 (W16-L14-D0)
  Hash=32                   wr=0.467 (W14-L16-D0)
  Hash=128                  wr=0.500 (W15-L15-D0)
  Hash=256                  wr=0.500 (W15-L15-D0)
  MultiPV=2                 wr=0.567 (W17-L13-D0)
  Move Overhead=5           wr=0.567 (W17-L13-D0)
  MultiPV=3                 wr=0.533 (W16-L14-D0)
  Move Overhead=30          wr=0.533 (W16-L14-D0)
  Slow Mover=50             wr=0.600 (W18-L12-D0)
  Slow Mover=200            wr=0.600 (W18-L12-D0)
  Skill Level=10            wr=0.533 (W16-L14-D0)
  Skill Level=15            wr=0.600 (W18-L12-D0)
  Skill Level=18            wr=0.367 (W11-L19-D0)
  Skill Level=19            wr=0.333 (W10-L20-D0)
[iter 8] best wr=0.600 (baseline 0.600, Δ=+0.000)
[REJECT] no significant improvement

[SAVE] jieqi_best_params.json
=== Iteration 9 ===
  Threads=2                 wr=0.533 (W16-L14-D0)
  Hash=32                   wr=0.467 (W14-L16-D0)
  Hash=128                  wr=0.500 (W15-L15-D0)
  Hash=256                  wr=0.500 (W15-L15-D0)
  MultiPV=2                 wr=0.567 (W17-L13-D0)
  Move Overhead=5           wr=0.567 (W17-L13-D0)
  MultiPV=3                 wr=0.533 (W16-L14-D0)
  Move Overhead=30          wr=0.533 (W16-L14-D0)
  Slow Mover=50             wr=0.600 (W18-L12-D0)
  Slow Mover=200            wr=0.600 (W18-L12-D0)
  Skill Level=10            wr=0.533 (W16-L14-D0)
  Skill Level=15            wr=0.600 (W18-L12-D0)
  Skill Level=18            wr=0.367 (W11-L19-D0)
  Skill Level=19            wr=0.333 (W10-L20-D0)
[iter 9] best wr=0.600 (baseline 0.600, Δ=+0.000)
[REJECT] no significant improvement

[SAVE] jieqi_best_params.json
=== Iteration 10 ===
  Threads=2                 wr=0.533 (W16-L14-D0)
  Hash=32                   wr=0.467 (W14-L16-D0)
  Hash=128                  wr=0.500 (W15-L15-D0)
  Hash=256                  wr=0.500 (W15-L15-D0)
  MultiPV=2                 wr=0.567 (W17-L13-D0)
  Move Overhead=5           wr=0.567 (W17-L13-D0)
  MultiPV=3                 wr=0.533 (W16-L14-D0)
  Move Overhead=30          wr=0.533 (W16-L14-D0)
  Slow Mover=50             wr=0.600 (W18-L12-D0)
  Slow Mover=200            wr=0.600 (W18-L12-D0)
  Skill Level=10            wr=0.533 (W16-L14-D0)
  Skill Level=15            wr=0.600 (W18-L12-D0)
  Skill Level=18            wr=0.367 (W11-L19-D0)
  Skill Level=19            wr=0.333 (W10-L20-D0)
[iter 10] best wr=0.600 (baseline 0.600, Δ=+0.000)
[REJECT] no significant improvement

[SAVE] jieqi_best_params.json
=== Iteration 11 ===
  Threads=2                 wr=0.533 (W16-L14-D0)
  Hash=32                   wr=0.467 (W14-L16-D0)
  Hash=128                  wr=0.500 (W15-L15-D0)
  Hash=256                  wr=0.500 (W15-L15-D0)
  MultiPV=2                 wr=0.567 (W17-L13-D0)
  Move Overhead=5           wr=0.567 (W17-L13-D0)
  MultiPV=3                 wr=0.500 (W15-L15-D0)
  Move Overhead=30          wr=0.533 (W16-L14-D0)
  Slow Mover=50             wr=0.600 (W18-L12-D0)
  Slow Mover=200            wr=0.600 (W18-L12-D0)
  Skill Level=10            wr=0.533 (W16-L14-D0)
  Skill Level=15            wr=0.600 (W18-L12-D0)
  Skill Level=18            wr=0.367 (W11-L19-D0)
  Skill Level=19            wr=0.333 (W10-L20-D0)
[iter 11] best wr=0.600 (baseline 0.600, Δ=+0.000)
[REJECT] no significant improvement

[SAVE] jieqi_best_params.json
=== Iteration 12 ===
  Threads=2                 wr=0.533 (W16-L14-D0)
  Hash=32                   wr=0.467 (W14-L16-D0)
  Hash=128                  wr=0.500 (W15-L15-D0)
  Hash=256                  wr=0.500 (W15-L15-D0)
  MultiPV=2                 wr=0.567 (W17-L13-D0)
  Move Overhead=5           wr=0.567 (W17-L13-D0)
  MultiPV=3                 wr=0.467 (W14-L16-D0)
  Move Overhead=30          wr=0.533 (W16-L14-D0)
  Slow Mover=50             wr=0.600 (W18-L12-D0)
  Slow Mover=200            wr=0.600 (W18-L12-D0)
  Skill Level=10            wr=0.533 (W16-L14-D0)
  Skill Level=15            wr=0.600 (W18-L12-D0)
  Skill Level=18            wr=0.367 (W11-L19-D0)
  Skill Level=19            wr=0.333 (W10-L20-D0)
[iter 12] best wr=0.600 (baseline 0.600, Δ=+0.000)
[REJECT] no significant improvement

[SAVE] jieqi_best_params.json
=== Iteration 13 ===
  Threads=2                 wr=0.533 (W16-L14-D0)
  Hash=32                   wr=0.467 (W14-L16-D0)
  Hash=128                  wr=0.500 (W15-L15-D0)
  Hash=256                  wr=0.500 (W15-L15-D0)
  MultiPV=2                 wr=0.567 (W17-L13-D0)
  Move Overhead=5           wr=0.567 (W17-L13-D0)
  MultiPV=3                 wr=0.533 (W16-L14-D0)
  Move Overhead=30          wr=0.533 (W16-L14-D0)
  Slow Mover=50             wr=0.600 (W18-L12-D0)
  Slow Mover=200            wr=0.600 (W18-L12-D0)
  Skill Level=10            wr=0.533 (W16-L14-D0)
  Skill Level=15            wr=0.600 (W18-L12-D0)
  Skill Level=18            wr=0.367 (W11-L19-D0)
  Skill Level=19            wr=0.333 (W10-L20-D0)
[iter 13] best wr=0.600 (baseline 0.600, Δ=+0.000)
[REJECT] no significant improvement

[SAVE] jieqi_best_params.json
=== Iteration 14 ===
  Threads=2                 wr=0.533 (W16-L14-D0)
  Hash=32                   wr=0.467 (W14-L16-D0)
  Hash=128                  wr=0.500 (W15-L15-D0)
  Hash=256                  wr=0.500 (W15-L15-D0)
  MultiPV=2                 wr=0.567 (W17-L13-D0)
  Move Overhead=5           wr=0.567 (W17-L13-D0)
  MultiPV=3                 wr=0.533 (W16-L14-D0)
  Move Overhead=30          wr=0.533 (W16-L14-D0)
  Slow Mover=50             wr=0.600 (W18-L12-D0)
  Slow Mover=200            wr=0.600 (W18-L12-D0)
  Skill Level=10            wr=0.533 (W16-L14-D0)
  Skill Level=15            wr=0.600 (W18-L12-D0)
  Skill Level=18            wr=0.367 (W11-L19-D0)
  Skill Level=19            wr=0.333 (W10-L20-D0)
[iter 14] best wr=0.600 (baseline 0.600, Δ=+0.000)
[REJECT] no significant improvement

[SAVE] jieqi_best_params.json
=== Iteration 15 ===
  Threads=2                 wr=0.533 (W16-L14-D0)
  Hash=32                   wr=0.467 (W14-L16-D0)
  Hash=128                  wr=0.500 (W15-L15-D0)
  Hash=256                  wr=0.500 (W15-L15-D0)
  MultiPV=2                 wr=0.567 (W17-L13-D0)
  Move Overhead=5           wr=0.567 (W17-L13-D0)
  MultiPV=3                 wr=0.500 (W15-L15-D0)
  Move Overhead=30          wr=0.533 (W16-L14-D0)
  Slow Mover=50             wr=0.600 (W18-L12-D0)
  Slow Mover=200            wr=0.600 (W18-L12-D0)
  Skill Level=10            wr=0.533 (W16-L14-D0)
  Skill Level=15            wr=0.600 (W18-L12-D0)
  Skill Level=18            wr=0.367 (W11-L19-D0)
  Skill Level=19            wr=0.333 (W10-L20-D0)
[iter 15] best wr=0.600 (baseline 0.600, Δ=+0.000)
[REJECT] no significant improvement

[SAVE] jieqi_best_params.json
=== Iteration 16 ===
  Threads=2                 wr=0.533 (W16-L14-D0)
  Hash=32                   wr=0.467 (W14-L16-D0)
  Hash=128                  wr=0.500 (W15-L15-D0)
  Hash=256                  wr=0.500 (W15-L15-D0)
  MultiPV=2                 wr=0.567 (W17-L13-D0)
  Move Overhead=5           wr=0.567 (W17-L13-D0)
  MultiPV=3                 wr=0.533 (W16-L14-D0)
  Move Overhead=30          wr=0.533 (W16-L14-D0)
  Slow Mover=50             wr=0.600 (W18-L12-D0)
  Slow Mover=200            wr=0.600 (W18-L12-D0)
  Skill Level=10            wr=0.533 (W16-L14-D0)
  Skill Level=15            wr=0.600 (W18-L12-D0)
  Skill Level=18            wr=0.367 (W11-L19-D0)
  Skill Level=19            wr=0.333 (W10-L20-D0)
[iter 16] best wr=0.600 (baseline 0.600, Δ=+0.000)
[REJECT] no significant improvement

[SAVE] jieqi_best_params.json
=== Iteration 17 ===
  Threads=2                 wr=0.533 (W16-L14-D0)
  Hash=32                   wr=0.467 (W14-L16-D0)
  Hash=128                  wr=0.500 (W15-L15-D0)
  Hash=256                  wr=0.500 (W15-L15-D0)
  MultiPV=2                 wr=0.567 (W17-L13-D0)
  Move Overhead=5           wr=0.567 (W17-L13-D0)
  MultiPV=3                 wr=0.533 (W16-L14-D0)
  Move Overhead=30          wr=0.533 (W16-L14-D0)
  Slow Mover=50             wr=0.600 (W18-L12-D0)
  Slow Mover=200            wr=0.600 (W18-L12-D0)
  Skill Level=10            wr=0.533 (W16-L14-D0)
  Skill Level=15            wr=0.600 (W18-L12-D0)
  Skill Level=18            wr=0.367 (W11-L19-D0)
  Skill Level=19            wr=0.333 (W10-L20-D0)
[iter 17] best wr=0.600 (baseline 0.600, Δ=+0.000)
[REJECT] no significant improvement

[SAVE] jieqi_best_params.json
=== Iteration 18 ===
  Hash=32                   wr=0.467 (W14-L16-D0)
  Threads=2                 wr=0.533 (W16-L14-D0)
  Hash=128                  wr=0.500 (W15-L15-D0)
  Hash=256                  wr=0.500 (W15-L15-D0)
  MultiPV=2                 wr=0.567 (W17-L13-D0)
  Move Overhead=5           wr=0.567 (W17-L13-D0)
  MultiPV=3                 wr=0.533 (W16-L14-D0)
  Move Overhead=30          wr=0.533 (W16-L14-D0)
  Slow Mover=50             wr=0.600 (W18-L12-D0)
  Slow Mover=200            wr=0.600 (W18-L12-D0)
  Skill Level=10            wr=0.533 (W16-L14-D0)
  Skill Level=18            wr=0.367 (W11-L19-D0)
  Skill Level=15            wr=0.600 (W18-L12-D0)
  Skill Level=19            wr=0.333 (W10-L20-D0)
[iter 18] best wr=0.600 (baseline 0.600, Δ=+0.000)
[REJECT] no significant improvement

[SAVE] jieqi_best_params.json
=== Iteration 19 ===
  Threads=2                 wr=0.533 (W16-L14-D0)
  Hash=32                   wr=0.467 (W14-L16-D0)
  Hash=128                  wr=0.500 (W15-L15-D0)
  Hash=256                  wr=0.500 (W15-L15-D0)
  MultiPV=2                 wr=0.567 (W17-L13-D0)
  Move Overhead=5           wr=0.567 (W17-L13-D0)
  MultiPV=3                 wr=0.500 (W15-L15-D0)
  Move Overhead=30          wr=0.533 (W16-L14-D0)
  Slow Mover=50             wr=0.600 (W18-L12-D0)
  Slow Mover=200            wr=0.600 (W18-L12-D0)
  Skill Level=10            wr=0.533 (W16-L14-D0)
  Skill Level=15            wr=0.600 (W18-L12-D0)
  Skill Level=18            wr=0.367 (W11-L19-D0)
  Skill Level=19            wr=0.333 (W10-L20-D0)
[iter 19] best wr=0.600 (baseline 0.600, Δ=+0.000)
[REJECT] no significant improvement

[SAVE] jieqi_best_params.json
=== Iteration 20 ===
  Threads=2                 wr=0.533 (W16-L14-D0)
  Hash=32                   wr=0.467 (W14-L16-D0)
  Hash=128                  wr=0.500 (W15-L15-D0)
  Hash=256                  wr=0.500 (W15-L15-D0)
  MultiPV=2                 wr=0.567 (W17-L13-D0)
  Move Overhead=5           wr=0.567 (W17-L13-D0)
  MultiPV=3                 wr=0.533 (W16-L14-D0)
  Move Overhead=30          wr=0.533 (W16-L14-D0)
  Slow Mover=50             wr=0.600 (W18-L12-D0)
  Slow Mover=200            wr=0.600 (W18-L12-D0)
  Skill Level=10            wr=0.533 (W16-L14-D0)
  Skill Level=15            wr=0.600 (W18-L12-D0)
  Skill Level=18            wr=0.367 (W11-L19-D0)
  Skill Level=19            wr=0.333 (W10-L20-D0)
[iter 20] best wr=0.600 (baseline 0.600, Δ=+0.000)
[REJECT] no significant improvement

[SAVE] jieqi_best_params.json
=== Iteration 21 ===
  Threads=2                 wr=0.533 (W16-L14-D0)
  Hash=32                   wr=0.467 (W14-L16-D0)
  Hash=128                  wr=0.500 (W15-L15-D0)
  Hash=256                  wr=0.500 (W15-L15-D0)
  MultiPV=2                 wr=0.567 (W17-L13-D0)
  Move Overhead=5           wr=0.567 (W17-L13-D0)
  MultiPV=3                 wr=0.500 (W15-L15-D0)
  Move Overhead=30          wr=0.533 (W16-L14-D0)
  Slow Mover=50             wr=0.600 (W18-L12-D0)
  Slow Mover=200            wr=0.600 (W18-L12-D0)
  Skill Level=10            wr=0.533 (W16-L14-D0)
  Skill Level=15            wr=0.600 (W18-L12-D0)
  Skill Level=18            wr=0.367 (W11-L19-D0)
  Skill Level=19            wr=0.333 (W10-L20-D0)
[iter 21] best wr=0.600 (baseline 0.600, Δ=+0.000)
[REJECT] no significant improvement

[SAVE] jieqi_best_params.json
=== Iteration 22 ===
  Threads=2                 wr=0.533 (W16-L14-D0)
  Hash=32                   wr=0.467 (W14-L16-D0)
  Hash=128                  wr=0.500 (W15-L15-D0)
  Hash=256                  wr=0.500 (W15-L15-D0)
  MultiPV=2                 wr=0.567 (W17-L13-D0)
  Move Overhead=5           wr=0.567 (W17-L13-D0)
  MultiPV=3                 wr=0.533 (W16-L14-D0)
  Move Overhead=30          wr=0.533 (W16-L14-D0)
  Slow Mover=50             wr=0.600 (W18-L12-D0)
  Slow Mover=200            wr=0.600 (W18-L12-D0)
  Skill Level=10            wr=0.533 (W16-L14-D0)
  Skill Level=15            wr=0.600 (W18-L12-D0)
  Skill Level=18            wr=0.367 (W11-L19-D0)
  Skill Level=19            wr=0.333 (W10-L20-D0)
[iter 22] best wr=0.600 (baseline 0.600, Δ=+0.000)
[REJECT] no significant improvement

[SAVE] jieqi_best_params.json
=== Iteration 23 ===
  Threads=2                 wr=0.533 (W16-L14-D0)
  Hash=32                   wr=0.467 (W14-L16-D0)
  Hash=128                  wr=0.500 (W15-L15-D0)
  Hash=256                  wr=0.500 (W15-L15-D0)
  MultiPV=2                 wr=0.567 (W17-L13-D0)
  Move Overhead=5           wr=0.567 (W17-L13-D0)
  MultiPV=3                 wr=0.533 (W16-L14-D0)
  Move Overhead=30          wr=0.533 (W16-L14-D0)
  Slow Mover=50             wr=0.600 (W18-L12-D0)
  Slow Mover=200            wr=0.600 (W18-L12-D0)
  Skill Level=10            wr=0.533 (W16-L14-D0)
  Skill Level=15            wr=0.600 (W18-L12-D0)
  Skill Level=18            wr=0.367 (W11-L19-D0)
  Skill Level=19            wr=0.333 (W10-L20-D0)
[iter 23] best wr=0.600 (baseline 0.600, Δ=+0.000)
[REJECT] no significant improvement

[SAVE] jieqi_best_params.json
=== Iteration 24 ===
  Threads=2                 wr=0.533 (W16-L14-D0)
  Hash=32                   wr=0.467 (W14-L16-D0)
  Hash=128                  wr=0.500 (W15-L15-D0)
  Hash=256                  wr=0.500 (W15-L15-D0)
  MultiPV=2                 wr=0.567 (W17-L13-D0)
  Move Overhead=5           wr=0.567 (W17-L13-D0)
  MultiPV=3                 wr=0.533 (W16-L14-D0)
  Move Overhead=30          wr=0.533 (W16-L14-D0)
  Slow Mover=50             wr=0.600 (W18-L12-D0)
  Slow Mover=200            wr=0.600 (W18-L12-D0)
  Skill Level=10            wr=0.533 (W16-L14-D0)
  Skill Level=15            wr=0.600 (W18-L12-D0)
  Skill Level=18            wr=0.367 (W11-L19-D0)
  Skill Level=19            wr=0.333 (W10-L20-D0)
[iter 24] best wr=0.600 (baseline 0.600, Δ=+0.000)
[REJECT] no significant improvement

[SAVE] jieqi_best_params.json
=== Iteration 25 ===
  Threads=2                 wr=0.533 (W16-L14-D0)
  Hash=32                   wr=0.467 (W14-L16-D0)
  Hash=128                  wr=0.500 (W15-L15-D0)
  Hash=256                  wr=0.500 (W15-L15-D0)
  MultiPV=2                 wr=0.567 (W17-L13-D0)
  Move Overhead=5           wr=0.567 (W17-L13-D0)
  MultiPV=3                 wr=0.533 (W16-L14-D0)
  Move Overhead=30          wr=0.533 (W16-L14-D0)
  Slow Mover=50             wr=0.600 (W18-L12-D0)
  Slow Mover=200            wr=0.600 (W18-L12-D0)
  Skill Level=10            wr=0.533 (W16-L14-D0)
  Skill Level=15            wr=0.600 (W18-L12-D0)
  Skill Level=18            wr=0.367 (W11-L19-D0)
  Skill Level=19            wr=0.333 (W10-L20-D0)
[iter 25] best wr=0.600 (baseline 0.600, Δ=+0.000)
[REJECT] no significant improvement

[SAVE] jieqi_best_params.json
=== Iteration 26 ===
  Threads=2                 wr=0.533 (W16-L14-D0)
  Hash=32                   wr=0.467 (W14-L16-D0)
  Hash=128                  wr=0.500 (W15-L15-D0)
  Hash=256                  wr=0.500 (W15-L15-D0)
  MultiPV=2                 wr=0.567 (W17-L13-D0)
  Move Overhead=5           wr=0.567 (W17-L13-D0)
  MultiPV=3                 wr=0.533 (W16-L14-D0)
  Move Overhead=30          wr=0.533 (W16-L14-D0)
  Slow Mover=50             wr=0.600 (W18-L12-D0)
  Skill Level=10            wr=0.533 (W16-L14-D0)
  Slow Mover=200            wr=0.600 (W18-L12-D0)
  Skill Level=18            wr=0.367 (W11-L19-D0)
  Skill Level=15            wr=0.600 (W18-L12-D0)
  Skill Level=19            wr=0.333 (W10-L20-D0)
[iter 26] best wr=0.600 (baseline 0.600, Δ=+0.000)
[REJECT] no significant improvement

[SAVE] jieqi_best_params.json
=== Iteration 27 ===
  Threads=2                 wr=0.533 (W16-L14-D0)
  Hash=32                   wr=0.467 (W14-L16-D0)
  Hash=128                  wr=0.500 (W15-L15-D0)
  Hash=256                  wr=0.500 (W15-L15-D0)
  MultiPV=2                 wr=0.567 (W17-L13-D0)
  Move Overhead=5           wr=0.567 (W17-L13-D0)
  MultiPV=3                 wr=0.533 (W16-L14-D0)
  Move Overhead=30          wr=0.533 (W16-L14-D0)
  Slow Mover=50             wr=0.600 (W18-L12-D0)
  Slow Mover=200            wr=0.600 (W18-L12-D0)
  Skill Level=10            wr=0.533 (W16-L14-D0)
  Skill Level=15            wr=0.600 (W18-L12-D0)
  Skill Level=18            wr=0.367 (W11-L19-D0)
  Skill Level=19            wr=0.333 (W10-L20-D0)
[iter 27] best wr=0.600 (baseline 0.600, Δ=+0.000)
[REJECT] no significant improvement

[SAVE] jieqi_best_params.json
=== Iteration 28 ===
  Threads=2                 wr=0.533 (W16-L14-D0)
  Hash=32                   wr=0.467 (W14-L16-D0)
  Hash=128                  wr=0.500 (W15-L15-D0)
  Hash=256                  wr=0.500 (W15-L15-D0)
  MultiPV=2                 wr=0.567 (W17-L13-D0)
  MultiPV=3                 wr=0.533 (W16-L14-D0)
  Move Overhead=5           wr=0.567 (W17-L13-D0)
  Move Overhead=30          wr=0.533 (W16-L14-D0)
  Slow Mover=50             wr=0.600 (W18-L12-D0)
  Slow Mover=200            wr=0.600 (W18-L12-D0)
  Skill Level=10            wr=0.533 (W16-L14-D0)
